root@vishaalnoord7:~# sudo ./complete_deployment.sh
ğŸ”§ COMPLETE DEPLOYMENT - FINISH SERVICE CONFIGURATION
====================================================
Status: Files extracted perfectly (90% done)
Task: Configure and start services (final 10%)

ğŸ“¦ STEP 1: VERIFY PYTHON DEPENDENCIES
==================================
ğŸ Installing/verifying Python packages...
root@vishaalnoord7:~# ps aux | grep complete_deployment
root     2264594  0.0  0.1   4032  2072 pts/0    R+   23:26   0:00 grep --color=auto complete_deployment
root@vishaalnoord7:~# sudo ./quick_service_start.sh
âš¡ QUICK SERVICE START - BYPASS PACKAGE INSTALLATION
==================================================
Skipping Python package installation (assumes already installed)
Going straight to service configuration and startup

ğŸ”§ STEP 1: CREATE SYSTEMD SERVICE
==============================
ğŸ”§ Creating dataguardian.service...
   âœ… dataguardian.service created

ğŸŒ STEP 2: CONFIGURE NGINX
======================
ğŸŒ Creating nginx configuration...
   ğŸ§ª Testing nginx configuration...
nginx: the configuration file /etc/nginx/nginx.conf syntax is ok
nginx: configuration file /etc/nginx/nginx.conf test is successful
   âœ… Nginx configuration valid

â–¶ï¸  STEP 3: START ALL SERVICES
============================
â–¶ï¸  Starting services in order...
   ğŸ”´ Starting Redis...
      Status: active
   ğŸŒ Starting Nginx...
      Status: active
   ğŸš€ Starting DataGuardian Pro...
      (This may take 20-30 seconds...)
      Status: active

ğŸ“Š SERVICES STATUS:
   Redis: active
   Nginx: active
   DataGuardian: active

â³ STEP 4: WAIT FOR APP INITIALIZATION (30 SECONDS)
==============================================
â³ Giving DataGuardian Pro time to fully initialize...
..............................

ğŸ§ª STEP 5: TEST DEPLOYMENT
=======================
ğŸ§ª Testing DataGuardian Pro...
   Test 1: HTTP Response
      âœ… HTTP 200 OK
   Test 2: DataGuardian Pro Content
      âš ï¸  DataGuardian content not found
   Test 3: Netherlands Branding
      âš ï¸  Netherlands branding not found
   Test 4: Authentication Interface
      âš ï¸  Authentication interface not found

ğŸ“ SAMPLE CONTENT:

ğŸ¯ QUICK SERVICE START RESULTS
=============================
âœ… Redis: RUNNING (+10)
âœ… Nginx: RUNNING (+20)
âœ… DataGuardian: RUNNING (+30)
âš ï¸  Interface: LOADING (+15)

ğŸ“Š FINAL SCORE: 75/100

ğŸ‰ GREAT SUCCESS!
================

âœ… Services running
âœ… Interface loading

ğŸŒ Test: https://dataguardianpro.nl

ğŸ’¡ If interface shows generic Streamlit, wait 1-2 minutes for full load

ğŸ” USEFUL COMMANDS:
===================
   Status: systemctl status dataguardian
   Logs: journalctl -u dataguardian -n 50 -f
   Restart: systemctl restart dataguardian
   Test: curl http://localhost:5000 | grep dataguardian

âœ… QUICK SERVICE START COMPLETE!
root@vishaalnoord7:~# systemctl restart dataguardian
root@vishaalnoord7:~# curl http://localhost:5000 | grep dataguardian
  % Total    % Received % Xferd  Average Speed   Time    Time     Time  Current
                                 Dload  Upload   Total   Spent    Left  Speed
100  1522  100  1522    0     0   323k      0 --:--:-- --:--:-- --:--:--  371k
root@vishaalnoord7:~#