root@vishaalnoord7:~# docker ps
CONTAINER ID   IMAGE                     COMMAND                  CREATED        STATUS                  PORTS                                                                          NAMES
c15495c02c3d   nginx:alpine              "/docker-entrypoint.…"   22 hours ago   Up 20 hours             0.0.0.0:80->80/tcp, [::]:80->80/tcp, 0.0.0.0:443->443/tcp, [::]:443->443/tcp   dataguardian-nginx
b1f630f55c7b   dataguardian-pro:latest   "streamlit run app.p…"   22 hours ago   Up 20 hours (healthy)   127.0.0.1:5000->5000/tcp                                                       dataguardian-pro
9890160330cb   postgres:16               "docker-entrypoint.s…"   22 hours ago   Up 20 hours             5432/tcp                                                                       dataguardian-postgres
root@vishaalnoord7:~# docker compose -f docker-compose.prod.yml restart dataguardian-pro
open /root/docker-compose.prod.yml: no such file or directory
root@vishaalnoord7:~# pwd
/root
root@vishaalnoord7:~# cd /opt
root@vishaalnoord7:/opt# cd dataguardian-pro/
root@vishaalnoord7:/opt/dataguardian-pro# docker compose -f docker-compose.prod.yml restart dataguardian-pro
WARN[0000] /opt/dataguardian-pro/docker-compose.prod.yml: the attribute `version` is obsolete, it will be ignored, please remove it to avoid potential confusion
[+] Restarting 1/1
 ✔ Container dataguardian-pro  Started                                                                             1.4s
root@vishaalnoord7:/opt/dataguardian-pro# docker logs dataguardian-pro --tail 10
  You can now view your Streamlit app in your browser.

  URL: http://0.0.0.0:5000

  Stopping...

  You can now view your Streamlit app in your browser.

  URL: http://0.0.0.0:5000

root@vishaalnoord7:/opt/dataguardian-pro# docker logs dataguardian-pro --tail 10
  You can now view your Streamlit app in your browser.

  URL: http://0.0.0.0:5000

  Stopping...

  You can now view your Streamlit app in your browser.

  URL: http://0.0.0.0:5000

root@vishaalnoord7:/opt/dataguardian-pro# docker logs dataguardian-pro --tail 10
  You can now view your Streamlit app in your browser.

  URL: http://0.0.0.0:5000

  Stopping...

  You can now view your Streamlit app in your browser.

  URL: http://0.0.0.0:5000