root@vishaalnoord7:~# systemctl status dataguardian nginx redis-server --no-pager
Unit dataguardian.service could not be found.
○ nginx.service - A high performance web server and a reverse proxy server
     Loaded: loaded (/lib/systemd/system/nginx.service; enabled; vendor preset: enabled)
     Active: inactive (dead) since Tue 2025-09-30 22:53:17 CEST; 13min ago
       Docs: man:nginx(8)
   Main PID: 2225234 (code=exited, status=0/SUCCESS)
        CPU: 2.522s

Sep 29 08:46:21 vishaalnoord7.retzor.com systemd[1]: Starting A high performance web server and a reverse proxy …rver...
Sep 29 08:46:21 vishaalnoord7.retzor.com systemd[1]: Started A high performance web server and a reverse proxy server.
Sep 30 06:25:02 vishaalnoord7.retzor.com systemd[1]: Reloading A high performance web server and a reverse proxy…rver...
Sep 30 06:25:02 vishaalnoord7.retzor.com systemd[1]: Reloaded A high performance web server and a reverse proxy server.
Sep 30 22:53:17 vishaalnoord7.retzor.com systemd[1]: Stopping A high performance web server and a reverse proxy …rver...
Sep 30 22:53:17 vishaalnoord7.retzor.com systemd[1]: nginx.service: Deactivated successfully.
Sep 30 22:53:17 vishaalnoord7.retzor.com systemd[1]: Stopped A high performance web server and a reverse proxy server.
Sep 30 22:53:17 vishaalnoord7.retzor.com systemd[1]: nginx.service: Consumed 2.522s CPU time.

○ redis-server.service - Advanced key-value store
     Loaded: loaded (/lib/systemd/system/redis-server.service; enabled; vendor preset: enabled)
     Active: inactive (dead) since Tue 2025-09-30 22:53:17 CEST; 13min ago
       Docs: http://redis.io/documentation,
             man:redis-server(1)
   Main PID: 2225223 (code=exited, status=0/SUCCESS)
     Status: "Saving the final RDB snapshot"
        CPU: 8min 36.846s

Sep 29 08:46:16 vishaalnoord7.retzor.com systemd[1]: Starting Advanced key-value store...
Sep 29 08:46:16 vishaalnoord7.retzor.com systemd[1]: Started Advanced key-value store.
Sep 30 22:53:17 vishaalnoord7.retzor.com systemd[1]: Stopping Advanced key-value store...
Sep 30 22:53:17 vishaalnoord7.retzor.com systemd[1]: redis-server.service: Deactivated successfully.
Sep 30 22:53:17 vishaalnoord7.retzor.com systemd[1]: Stopped Advanced key-value store.
Sep 30 22:53:17 vishaalnoord7.retzor.com systemd[1]: redis-server.service: Consumed 8min 36.846s CPU time.
Hint: Some lines were ellipsized, use -l to show in full.
root@vishaalnoord7:~# curl -s http://localhost:5000 | head -100
root@vishaalnoord7:~# curl -s http://localhost:5000 | grep -i 'dataguardian\|netherlands\|customer.*login' | head -10
root@vishaalnoord7:~# ls -la /etc/systemd/system/dataguardian.service
ls: cannot access '/etc/systemd/system/dataguardian.service': No such file or directory
root@vishaalnoord7:~# ls -lh /opt/dataguardian/app.py
-rw-r--r-- 1 root root 573K Sep 29 05:59 /opt/dataguardian/app.py
root@vishaalnoord7:~# head -50 /opt/dataguardian/app.py | grep -i "dataguardian"
Copyright (c) 2025 DataGuardian Pro B.V.
to DataGuardian Pro B.V. and are protected by copyright, trade secret, and other
This Software contains confidential and proprietary information of DataGuardian Pro B.V.
from DataGuardian Pro B.V. is strictly prohibited.
Trademark: DataGuardian Pro™ is a trademark of DataGuardian Pro B.V.
For licensing inquiries: legal@dataguardianpro.nl
DataGuardian Pro B.V. disclaims all warranties and conditions, whether express
Licensed under DataGuardian Pro Commercial License Agreement.
        page_title="DataGuardian Pro",
root@vishaalnoord7:~#